Archive member included because of file (symbol)

c:/sdk_win_64/winavr/bin/../lib/gcc/avr/4.3.3/avr5\libgcc.a(_mulsi3.o)
                              ./Drivers/MCAL/Timer0/Timer0_Program.o (__mulsi3)
c:/sdk_win_64/winavr/bin/../lib/gcc/avr/4.3.3/avr5\libgcc.a(_udivmodqi4.o)
                              ./Drivers/MCAL/DIO/DIO_Program.o (__udivmodqi4)
c:/sdk_win_64/winavr/bin/../lib/gcc/avr/4.3.3/avr5\libgcc.a(_udivmodhi4.o)
                              ./Drivers/HAL/SensorLM35/SensorLM35_Program.o (__udivmodhi4)
c:/sdk_win_64/winavr/bin/../lib/gcc/avr/4.3.3/avr5\libgcc.a(_udivmodsi4.o)
                              ./Drivers/MCAL/Timer0/Timer0_Program.o (__udivmodsi4)
c:/sdk_win_64/winavr/bin/../lib/gcc/avr/4.3.3/avr5\libgcc.a(_exit.o)
                              c:/sdk_win_64/winavr/bin/../lib/gcc/avr/4.3.3/../../../../avr/lib/avr5/crtm32.o (exit)
c:/sdk_win_64/winavr/bin/../lib/gcc/avr/4.3.3/avr5\libgcc.a(_copy_data.o)
                              ./App.o (__do_copy_data)
c:/sdk_win_64/winavr/bin/../lib/gcc/avr/4.3.3/avr5\libgcc.a(_clear_bss.o)
                              ./Drivers/MCAL/Timer0/Timer0_Program.o (__do_clear_bss)
c:/sdk_win_64/winavr/bin/../lib/gcc/avr/4.3.3/avr5\libgcc.a(_fixunssfsi.o)
                              ./App.o (__fixunssfsi)
c:/sdk_win_64/winavr/bin/../lib/gcc/avr/4.3.3/avr5\libgcc.a(_addsub_sf.o)
                              c:/sdk_win_64/winavr/bin/../lib/gcc/avr/4.3.3/avr5\libgcc.a(_fixunssfsi.o) (__subsf3)
c:/sdk_win_64/winavr/bin/../lib/gcc/avr/4.3.3/avr5\libgcc.a(_mul_sf.o)
                              ./App.o (__mulsf3)
c:/sdk_win_64/winavr/bin/../lib/gcc/avr/4.3.3/avr5\libgcc.a(_gt_sf.o)
                              ./App.o (__gtsf2)
c:/sdk_win_64/winavr/bin/../lib/gcc/avr/4.3.3/avr5\libgcc.a(_ge_sf.o)
                              c:/sdk_win_64/winavr/bin/../lib/gcc/avr/4.3.3/avr5\libgcc.a(_fixunssfsi.o) (__gesf2)
c:/sdk_win_64/winavr/bin/../lib/gcc/avr/4.3.3/avr5\libgcc.a(_lt_sf.o)
                              ./App.o (__ltsf2)
c:/sdk_win_64/winavr/bin/../lib/gcc/avr/4.3.3/avr5\libgcc.a(_si_to_sf.o)
                              ./App.o (__floatsisf)
c:/sdk_win_64/winavr/bin/../lib/gcc/avr/4.3.3/avr5\libgcc.a(_sf_to_si.o)
                              c:/sdk_win_64/winavr/bin/../lib/gcc/avr/4.3.3/avr5\libgcc.a(_fixunssfsi.o) (__fixsfsi)
c:/sdk_win_64/winavr/bin/../lib/gcc/avr/4.3.3/avr5\libgcc.a(_thenan_sf.o)
                              c:/sdk_win_64/winavr/bin/../lib/gcc/avr/4.3.3/avr5\libgcc.a(_addsub_sf.o) (__thenan_sf)
c:/sdk_win_64/winavr/bin/../lib/gcc/avr/4.3.3/avr5\libgcc.a(_usi_to_sf.o)
                              ./App.o (__floatunsisf)
c:/sdk_win_64/winavr/bin/../lib/gcc/avr/4.3.3/avr5\libgcc.a(_prologue.o)
                              c:/sdk_win_64/winavr/bin/../lib/gcc/avr/4.3.3/avr5\libgcc.a(_addsub_sf.o) (__prologue_saves__)
c:/sdk_win_64/winavr/bin/../lib/gcc/avr/4.3.3/avr5\libgcc.a(_epilogue.o)
                              c:/sdk_win_64/winavr/bin/../lib/gcc/avr/4.3.3/avr5\libgcc.a(_addsub_sf.o) (__epilogue_restores__)
c:/sdk_win_64/winavr/bin/../lib/gcc/avr/4.3.3/avr5\libgcc.a(_clzsi2.o)
                              c:/sdk_win_64/winavr/bin/../lib/gcc/avr/4.3.3/avr5\libgcc.a(_si_to_sf.o) (__clzsi2)
c:/sdk_win_64/winavr/bin/../lib/gcc/avr/4.3.3/avr5\libgcc.a(_pack_sf.o)
                              c:/sdk_win_64/winavr/bin/../lib/gcc/avr/4.3.3/avr5\libgcc.a(_addsub_sf.o) (__pack_f)
c:/sdk_win_64/winavr/bin/../lib/gcc/avr/4.3.3/avr5\libgcc.a(_unpack_sf.o)
                              c:/sdk_win_64/winavr/bin/../lib/gcc/avr/4.3.3/avr5\libgcc.a(_addsub_sf.o) (__unpack_f)
c:/sdk_win_64/winavr/bin/../lib/gcc/avr/4.3.3/avr5\libgcc.a(_fpcmp_parts_sf.o)
                              c:/sdk_win_64/winavr/bin/../lib/gcc/avr/4.3.3/avr5\libgcc.a(_gt_sf.o) (__fpcmp_parts_f)
c:/sdk_win_64/winavr/bin/../lib/gcc/avr/4.3.3/avr5\libgcc.a(_clz.o)
                              c:/sdk_win_64/winavr/bin/../lib/gcc/avr/4.3.3/avr5\libgcc.a(_clzsi2.o) (__clz_tab)

Memory Configuration

Name             Origin             Length             Attributes
text             0x00000000         0x00020000         xr
data             0x00800060         0x0000ffa0         rw !x
eeprom           0x00810000         0x00010000         rw !x
fuse             0x00820000         0x00000400         rw !x
lock             0x00830000         0x00000400         rw !x
signature        0x00840000         0x00000400         rw !x
*default*        0x00000000         0xffffffff

Linker script and memory map

LOAD c:/sdk_win_64/winavr/bin/../lib/gcc/avr/4.3.3/../../../../avr/lib/avr5/crtm32.o
LOAD ./Drivers/MCAL/Timer0/Timer0_Program.o
LOAD ./Drivers/MCAL/IIC/IIC_Program.o
LOAD ./Drivers/MCAL/GIE/GIE_Program.o
LOAD ./Drivers/MCAL/ExtInt/EXT_INT_Program.o
LOAD ./Drivers/MCAL/DIO/DIO_Program.o
LOAD ./Drivers/MCAL/ADC/ADC_Program.o
LOAD ./Drivers/HAL/SensorLM35/SensorLM35_Program.o
LOAD ./Drivers/HAL/PushButton/PushBtn_Program.o
LOAD ./Drivers/HAL/LED/LED_Program.o
LOAD ./Drivers/HAL/Heater/Heater.o
LOAD ./Drivers/HAL/EEPROM/EEPROM_Program.o
LOAD ./Drivers/HAL/DSSD/DSSD_Program.o
LOAD ./Drivers/HAL/Cooler/Cooler_Program.o
LOAD ./App.o
LOAD ./main.o
LOAD c:/sdk_win_64/winavr/bin/../lib/gcc/avr/4.3.3/avr5\libgcc.a
LOAD c:/sdk_win_64/winavr/bin/../lib/gcc/avr/4.3.3/../../../../avr/lib/avr5\libc.a
LOAD c:/sdk_win_64/winavr/bin/../lib/gcc/avr/4.3.3/avr5\libgcc.a

.hash
 *(.hash)

.dynsym
 *(.dynsym)

.dynstr
 *(.dynstr)

.gnu.version
 *(.gnu.version)

.gnu.version_d
 *(.gnu.version_d)

.gnu.version_r
 *(.gnu.version_r)

.rel.init
 *(.rel.init)

.rela.init
 *(.rela.init)

.rel.text
 *(.rel.text)
 *(.rel.text.*)
 *(.rel.gnu.linkonce.t*)

.rela.text
 *(.rela.text)
 *(.rela.text.*)
 *(.rela.gnu.linkonce.t*)

.rel.fini
 *(.rel.fini)

.rela.fini
 *(.rela.fini)

.rel.rodata
 *(.rel.rodata)
 *(.rel.rodata.*)
 *(.rel.gnu.linkonce.r*)

.rela.rodata
 *(.rela.rodata)
 *(.rela.rodata.*)
 *(.rela.gnu.linkonce.r*)

.rel.data
 *(.rel.data)
 *(.rel.data.*)
 *(.rel.gnu.linkonce.d*)

.rela.data
 *(.rela.data)
 *(.rela.data.*)
 *(.rela.gnu.linkonce.d*)

.rel.ctors
 *(.rel.ctors)

.rela.ctors
 *(.rela.ctors)

.rel.dtors
 *(.rel.dtors)

.rela.dtors
 *(.rela.dtors)

.rel.got
 *(.rel.got)

.rela.got
 *(.rela.got)

.rel.bss
 *(.rel.bss)

.rela.bss
 *(.rela.bss)

.rel.plt
 *(.rel.plt)

.rela.plt
 *(.rela.plt)

.text           0x00000000     0x3736
 *(.vectors)
 .vectors       0x00000000       0x54 c:/sdk_win_64/winavr/bin/../lib/gcc/avr/4.3.3/../../../../avr/lib/avr5/crtm32.o
                0x00000000                __vectors
                0x00000000                __vector_default
 *(.vectors)
 *(.progmem.gcc*)
 *(.progmem*)
                0x00000054                . = ALIGN (0x2)
                0x00000054                __trampolines_start = .
 *(.trampolines)
 .trampolines   0x00000054        0x0 linker stubs
 *(.trampolines*)
                0x00000054                __trampolines_end = .
 *(.jumptables)
 *(.jumptables*)
 *(.lowtext)
 *(.lowtext*)
                0x00000054                __ctors_start = .
 *(.ctors)
                0x00000054                __ctors_end = .
                0x00000054                __dtors_start = .
 *(.dtors)
                0x00000054                __dtors_end = .
 SORT(*)(.ctors)
 SORT(*)(.dtors)
 *(.init0)
 .init0         0x00000054        0x0 c:/sdk_win_64/winavr/bin/../lib/gcc/avr/4.3.3/../../../../avr/lib/avr5/crtm32.o
                0x00000054                __init
 *(.init0)
 *(.init1)
 *(.init1)
 *(.init2)
 .init2         0x00000054        0xc c:/sdk_win_64/winavr/bin/../lib/gcc/avr/4.3.3/../../../../avr/lib/avr5/crtm32.o
 *(.init2)
 *(.init3)
 *(.init3)
 *(.init4)
 .init4         0x00000060       0x16 c:/sdk_win_64/winavr/bin/../lib/gcc/avr/4.3.3/avr5\libgcc.a(_copy_data.o)
                0x00000060                __do_copy_data
 .init4         0x00000076       0x10 c:/sdk_win_64/winavr/bin/../lib/gcc/avr/4.3.3/avr5\libgcc.a(_clear_bss.o)
                0x00000076                __do_clear_bss
 *(.init4)
 *(.init5)
 *(.init5)
 *(.init6)
 *(.init6)
 *(.init7)
 *(.init7)
 *(.init8)
 *(.init8)
 *(.init9)
 .init9         0x00000086        0x8 c:/sdk_win_64/winavr/bin/../lib/gcc/avr/4.3.3/../../../../avr/lib/avr5/crtm32.o
 *(.init9)
 *(.text)
 .text          0x0000008e        0x4 c:/sdk_win_64/winavr/bin/../lib/gcc/avr/4.3.3/../../../../avr/lib/avr5/crtm32.o
                0x0000008e                __vector_12
                0x0000008e                __bad_interrupt
                0x0000008e                __vector_6
                0x0000008e                __vector_13
                0x0000008e                __vector_17
                0x0000008e                __vector_19
                0x0000008e                __vector_7
                0x0000008e                __vector_5
                0x0000008e                __vector_4
                0x0000008e                __vector_9
                0x0000008e                __vector_15
                0x0000008e                __vector_8
                0x0000008e                __vector_14
                0x0000008e                __vector_10
                0x0000008e                __vector_16
                0x0000008e                __vector_18
                0x0000008e                __vector_20
 .text          0x00000092        0x0 ./Drivers/MCAL/Timer0/Timer0_Program.o
 .text          0x00000092        0x0 ./Drivers/MCAL/IIC/IIC_Program.o
 .text          0x00000092        0x0 ./Drivers/MCAL/GIE/GIE_Program.o
 .text          0x00000092        0x0 ./Drivers/MCAL/ExtInt/EXT_INT_Program.o
 .text          0x00000092        0x0 ./Drivers/MCAL/DIO/DIO_Program.o
 .text          0x00000092        0x0 ./Drivers/MCAL/ADC/ADC_Program.o
 .text          0x00000092        0x0 ./Drivers/HAL/SensorLM35/SensorLM35_Program.o
 .text          0x00000092        0x0 ./Drivers/HAL/PushButton/PushBtn_Program.o
 .text          0x00000092        0x0 ./Drivers/HAL/LED/LED_Program.o
 .text          0x00000092        0x0 ./Drivers/HAL/Heater/Heater.o
 .text          0x00000092        0x0 ./Drivers/HAL/EEPROM/EEPROM_Program.o
 .text          0x00000092        0x0 ./Drivers/HAL/DSSD/DSSD_Program.o
 .text          0x00000092        0x0 ./Drivers/HAL/Cooler/Cooler_Program.o
 .text          0x00000092        0x0 ./App.o
 .text          0x00000092        0x0 ./main.o
 .text          0x00000092        0x0 c:/sdk_win_64/winavr/bin/../lib/gcc/avr/4.3.3/avr5\libgcc.a(_mulsi3.o)
 .text          0x00000092        0x0 c:/sdk_win_64/winavr/bin/../lib/gcc/avr/4.3.3/avr5\libgcc.a(_udivmodqi4.o)
 .text          0x00000092        0x0 c:/sdk_win_64/winavr/bin/../lib/gcc/avr/4.3.3/avr5\libgcc.a(_udivmodhi4.o)
 .text          0x00000092        0x0 c:/sdk_win_64/winavr/bin/../lib/gcc/avr/4.3.3/avr5\libgcc.a(_udivmodsi4.o)
 .text          0x00000092        0x0 c:/sdk_win_64/winavr/bin/../lib/gcc/avr/4.3.3/avr5\libgcc.a(_exit.o)
 .text          0x00000092        0x0 c:/sdk_win_64/winavr/bin/../lib/gcc/avr/4.3.3/avr5\libgcc.a(_copy_data.o)
 .text          0x00000092        0x0 c:/sdk_win_64/winavr/bin/../lib/gcc/avr/4.3.3/avr5\libgcc.a(_clear_bss.o)
 .text          0x00000092       0x58 c:/sdk_win_64/winavr/bin/../lib/gcc/avr/4.3.3/avr5\libgcc.a(_fixunssfsi.o)
                0x00000092                __fixunssfsi
 .text          0x000000ea      0x354 c:/sdk_win_64/winavr/bin/../lib/gcc/avr/4.3.3/avr5\libgcc.a(_addsub_sf.o)
                0x00000382                __subsf3
                0x000003e4                __addsf3
 .text          0x0000043e      0x1f4 c:/sdk_win_64/winavr/bin/../lib/gcc/avr/4.3.3/avr5\libgcc.a(_mul_sf.o)
                0x0000043e                __mulsf3
 .text          0x00000632       0x60 c:/sdk_win_64/winavr/bin/../lib/gcc/avr/4.3.3/avr5\libgcc.a(_gt_sf.o)
                0x00000632                __gtsf2
 .text          0x00000692       0x60 c:/sdk_win_64/winavr/bin/../lib/gcc/avr/4.3.3/avr5\libgcc.a(_ge_sf.o)
                0x00000692                __gesf2
 .text          0x000006f2       0x60 c:/sdk_win_64/winavr/bin/../lib/gcc/avr/4.3.3/avr5\libgcc.a(_lt_sf.o)
                0x000006f2                __ltsf2
 .text          0x00000752       0xbc c:/sdk_win_64/winavr/bin/../lib/gcc/avr/4.3.3/avr5\libgcc.a(_si_to_sf.o)
                0x00000752                __floatsisf
 .text          0x0000080e       0xa8 c:/sdk_win_64/winavr/bin/../lib/gcc/avr/4.3.3/avr5\libgcc.a(_sf_to_si.o)
                0x0000080e                __fixsfsi
 .text          0x000008b6        0x0 c:/sdk_win_64/winavr/bin/../lib/gcc/avr/4.3.3/avr5\libgcc.a(_thenan_sf.o)
 .text          0x000008b6       0xf2 c:/sdk_win_64/winavr/bin/../lib/gcc/avr/4.3.3/avr5\libgcc.a(_usi_to_sf.o)
                0x000008b6                __floatunsisf
 .text          0x000009a8        0x0 c:/sdk_win_64/winavr/bin/../lib/gcc/avr/4.3.3/avr5\libgcc.a(_prologue.o)
 .text          0x000009a8        0x0 c:/sdk_win_64/winavr/bin/../lib/gcc/avr/4.3.3/avr5\libgcc.a(_epilogue.o)
 .text          0x000009a8       0x9e c:/sdk_win_64/winavr/bin/../lib/gcc/avr/4.3.3/avr5\libgcc.a(_clzsi2.o)
                0x000009a8                __clzsi2
 .text          0x00000a46      0x1aa c:/sdk_win_64/winavr/bin/../lib/gcc/avr/4.3.3/avr5\libgcc.a(_pack_sf.o)
                0x00000a46                __pack_f
 .text          0x00000bf0       0xf0 c:/sdk_win_64/winavr/bin/../lib/gcc/avr/4.3.3/avr5\libgcc.a(_unpack_sf.o)
                0x00000bf0                __unpack_f
 .text          0x00000ce0       0xb2 c:/sdk_win_64/winavr/bin/../lib/gcc/avr/4.3.3/avr5\libgcc.a(_fpcmp_parts_sf.o)
                0x00000ce0                __fpcmp_parts_f
 .text          0x00000d92        0x0 c:/sdk_win_64/winavr/bin/../lib/gcc/avr/4.3.3/avr5\libgcc.a(_clz.o)
                0x00000d92                . = ALIGN (0x2)
 *(.text.*)
 .text.Timer0_voidInit
                0x00000d92       0x38 ./Drivers/MCAL/Timer0/Timer0_Program.o
                0x00000d92                Timer0_voidInit
 .text.Timer0_voidSetTime
                0x00000dca       0xde ./Drivers/MCAL/Timer0/Timer0_Program.o
                0x00000dca                Timer0_voidSetTime
 .text.Timer0_voidStart
                0x00000ea8       0x1e ./Drivers/MCAL/Timer0/Timer0_Program.o
                0x00000ea8                Timer0_voidStart
 .text.Timer0_voidStop
                0x00000ec6       0x1c ./Drivers/MCAL/Timer0/Timer0_Program.o
                0x00000ec6                Timer0_voidStop
 .text.Timer0_voidSetCallBack
                0x00000ee2       0x24 ./Drivers/MCAL/Timer0/Timer0_Program.o
                0x00000ee2                Timer0_voidSetCallBack
 .text.__vector_11
                0x00000f06       0xc6 ./Drivers/MCAL/Timer0/Timer0_Program.o
                0x00000f06                __vector_11
 .text.IIC_voidInit
                0x00000fcc       0x56 ./Drivers/MCAL/IIC/IIC_Program.o
                0x00000fcc                IIC_voidInit
 .text.IIC_enumStartCondition
                0x00001022       0xbc ./Drivers/MCAL/IIC/IIC_Program.o
                0x00001022                IIC_enumStartCondition
 .text.IIC_enumStopCondition
                0x000010de       0xb4 ./Drivers/MCAL/IIC/IIC_Program.o
                0x000010de                IIC_enumStopCondition
 .text.IIC_enumSendSlaveAddressWithWrite
                0x00001192      0x10c ./Drivers/MCAL/IIC/IIC_Program.o
                0x00001192                IIC_enumSendSlaveAddressWithWrite
 .text.IIC_enumSendSlaveAddressWithRead
                0x0000129e      0x114 ./Drivers/MCAL/IIC/IIC_Program.o
                0x0000129e                IIC_enumSendSlaveAddressWithRead
 .text.IIC_enumSendByte
                0x000013b2      0x10a ./Drivers/MCAL/IIC/IIC_Program.o
                0x000013b2                IIC_enumSendByte
 .text.IIC_enumReceiveByte
                0x000014bc      0x10a ./Drivers/MCAL/IIC/IIC_Program.o
                0x000014bc                IIC_enumReceiveByte
 .text.IIC_enumRepeatStart
                0x000015c6       0xbc ./Drivers/MCAL/IIC/IIC_Program.o
                0x000015c6                IIC_enumRepeatStart
 .text.GIE_voidEnableGlobalINT
                0x00001682       0x1c ./Drivers/MCAL/GIE/GIE_Program.o
                0x00001682                GIE_voidEnableGlobalINT
 .text.GIE_voidDisableGlobalINT
                0x0000169e       0x1c ./Drivers/MCAL/GIE/GIE_Program.o
                0x0000169e                GIE_voidDisableGlobalINT
 .text.ExtInt_SetCallBack0
                0x000016ba       0x24 ./Drivers/MCAL/ExtInt/EXT_INT_Program.o
                0x000016ba                ExtInt_SetCallBack0
 .text.__vector_1
                0x000016de       0x5a ./Drivers/MCAL/ExtInt/EXT_INT_Program.o
                0x000016de                __vector_1
 .text.ExtInt_SetCallBack1
                0x00001738       0x24 ./Drivers/MCAL/ExtInt/EXT_INT_Program.o
                0x00001738                ExtInt_SetCallBack1
 .text.__vector_2
                0x0000175c       0x5a ./Drivers/MCAL/ExtInt/EXT_INT_Program.o
                0x0000175c                __vector_2
 .text.ExtInt_SetCallBack2
                0x000017b6       0x24 ./Drivers/MCAL/ExtInt/EXT_INT_Program.o
                0x000017b6                ExtInt_SetCallBack2
 .text.__vector_3
                0x000017da       0x5a ./Drivers/MCAL/ExtInt/EXT_INT_Program.o
                0x000017da                __vector_3
 .text.ExtInt_voidInit
                0x00001834       0x96 ./Drivers/MCAL/ExtInt/EXT_INT_Program.o
                0x00001834                ExtInt_voidInit
 .text.ExtInt_voidDisableInt0
                0x000018ca       0x1c ./Drivers/MCAL/ExtInt/EXT_INT_Program.o
                0x000018ca                ExtInt_voidDisableInt0
 .text.ExtInt_voidDisableInt1
                0x000018e6       0x1c ./Drivers/MCAL/ExtInt/EXT_INT_Program.o
                0x000018e6                ExtInt_voidDisableInt1
 .text.ExtInt_voidDisableInt2
                0x00001902       0x1c ./Drivers/MCAL/ExtInt/EXT_INT_Program.o
                0x00001902                ExtInt_voidDisableInt2
 .text.ExtInt_voidEnableInt0
                0x0000191e       0x1c ./Drivers/MCAL/ExtInt/EXT_INT_Program.o
                0x0000191e                ExtInt_voidEnableInt0
 .text.ExtInt_voidEnableInt1
                0x0000193a       0x1c ./Drivers/MCAL/ExtInt/EXT_INT_Program.o
                0x0000193a                ExtInt_voidEnableInt1
 .text.ExtInt_voidEnableInt2
                0x00001956       0x1c ./Drivers/MCAL/ExtInt/EXT_INT_Program.o
                0x00001956                ExtInt_voidEnableInt2
 .text.DIO_voidSetPortMode
                0x00001972       0x82 ./Drivers/MCAL/DIO/DIO_Program.o
                0x00001972                DIO_voidSetPortMode
 .text.DIO_voidWritePortValue
                0x000019f4       0x82 ./Drivers/MCAL/DIO/DIO_Program.o
                0x000019f4                DIO_voidWritePortValue
 .text.DIO_voidReadPortValue
                0x00001a76       0x84 ./Drivers/MCAL/DIO/DIO_Program.o
                0x00001a76                DIO_voidReadPortValue
 .text.DIO_voidSetPinMode
                0x00001afa      0x192 ./Drivers/MCAL/DIO/DIO_Program.o
                0x00001afa                DIO_voidSetPinMode
 .text.DIO_voidSetPinValue
                0x00001c8c      0x118 ./Drivers/MCAL/DIO/DIO_Program.o
                0x00001c8c                DIO_voidSetPinValue
 .text.DIO_voidClearPinValue
                0x00001da4      0x122 ./Drivers/MCAL/DIO/DIO_Program.o
                0x00001da4                DIO_voidClearPinValue
 .text.DIO_voidTogglePinValue
                0x00001ec6      0x118 ./Drivers/MCAL/DIO/DIO_Program.o
                0x00001ec6                DIO_voidTogglePinValue
 .text.DIO_voidWritePinValue
                0x00001fde      0x192 ./Drivers/MCAL/DIO/DIO_Program.o
                0x00001fde                DIO_voidWritePinValue
 .text.DIO_u8GetPinValue
                0x00002170      0x110 ./Drivers/MCAL/DIO/DIO_Program.o
                0x00002170                DIO_u8GetPinValue
 .text.ADC_voidInit
                0x00002280       0x70 ./Drivers/MCAL/ADC/ADC_Program.o
                0x00002280                ADC_voidInit
 .text.ADC_u16Read
                0x000022f0      0x178 ./Drivers/MCAL/ADC/ADC_Program.o
                0x000022f0                ADC_u16Read
 .text.SensorLM35_voidInit
                0x00002468       0x12 ./Drivers/HAL/SensorLM35/SensorLM35_Program.o
                0x00002468                SensorLM35_voidInit
 .text.SensorLM35_u16ReadTemp
                0x0000247a       0x34 ./Drivers/HAL/SensorLM35/SensorLM35_Program.o
                0x0000247a                SensorLM35_u16ReadTemp
 .text.PushBtn_voidInit
                0x000024ae       0xaa ./Drivers/HAL/PushButton/PushBtn_Program.o
                0x000024ae                PushBtn_voidInit
 .text.PushBtn_voidEnable
                0x00002558       0x54 ./Drivers/HAL/PushButton/PushBtn_Program.o
                0x00002558                PushBtn_voidEnable
 .text.PushBtn_voidDisable
                0x000025ac       0x54 ./Drivers/HAL/PushButton/PushBtn_Program.o
                0x000025ac                PushBtn_voidDisable
 .text.PushBtn_voidGetStatus
                0x00002600       0x34 ./Drivers/HAL/PushButton/PushBtn_Program.o
                0x00002600                PushBtn_voidGetStatus
 .text.LED_voidInit
                0x00002634       0x1c ./Drivers/HAL/LED/LED_Program.o
                0x00002634                LED_voidInit
 .text.LED_voidTurnOn
                0x00002650       0x1c ./Drivers/HAL/LED/LED_Program.o
                0x00002650                LED_voidTurnOn
 .text.LED_voidTurnOff
                0x0000266c       0x1c ./Drivers/HAL/LED/LED_Program.o
                0x0000266c                LED_voidTurnOff
 .text.LED_voidToggle
                0x00002688       0x1a ./Drivers/HAL/LED/LED_Program.o
                0x00002688                LED_voidToggle
 .text.Heater_voidInit
                0x000026a2       0x1c ./Drivers/HAL/Heater/Heater.o
                0x000026a2                Heater_voidInit
 .text.Heater_voidTurnOn
                0x000026be       0x1a ./Drivers/HAL/Heater/Heater.o
                0x000026be                Heater_voidTurnOn
 .text.Heater_voidTurnOff
                0x000026d8       0x1a ./Drivers/HAL/Heater/Heater.o
                0x000026d8                Heater_voidTurnOff
 .text.EEPROM_voidInit
                0x000026f2       0x12 ./Drivers/HAL/EEPROM/EEPROM_Program.o
                0x000026f2                EEPROM_voidInit
 .text.EEPROM_voidWriteByte
                0x00002704       0x72 ./Drivers/HAL/EEPROM/EEPROM_Program.o
                0x00002704                EEPROM_voidWriteByte
 .text.EEPROM_u8ReadByte
                0x00002776       0x96 ./Drivers/HAL/EEPROM/EEPROM_Program.o
                0x00002776                EEPROM_u8ReadByte
 .text.DSSD_voidInit
                0x0000280c       0x5e ./Drivers/HAL/DSSD/DSSD_Program.o
                0x0000280c                DSSD_voidInit
 .text.DSSD_voidEN1
                0x0000286a       0x1a ./Drivers/HAL/DSSD/DSSD_Program.o
                0x0000286a                DSSD_voidEN1
 .text.DSSD_voidEN2
                0x00002884       0x1a ./Drivers/HAL/DSSD/DSSD_Program.o
                0x00002884                DSSD_voidEN2
 .text.DSSD_voidDisableAll
                0x0000289e       0x1a ./Drivers/HAL/DSSD/DSSD_Program.o
                0x0000289e                DSSD_voidDisableAll
 .text.DSSD_voidDisplayOnes
                0x000028b8       0x4a ./Drivers/HAL/DSSD/DSSD_Program.o
 .text.DSSD_voidDisplayTens
                0x00002902       0x26 ./Drivers/HAL/DSSD/DSSD_Program.o
 .text.DSSD_voidDisplay
                0x00002928       0x4a ./Drivers/HAL/DSSD/DSSD_Program.o
                0x00002928                DSSD_voidDisplay
 .text.DSSD_u8Status
                0x00002972       0x50 ./Drivers/HAL/DSSD/DSSD_Program.o
                0x00002972                DSSD_u8Status
 .text.display_0
                0x000029c2       0x46 ./Drivers/HAL/DSSD/DSSD_Program.o
 .text.display_1
                0x00002a08       0x46 ./Drivers/HAL/DSSD/DSSD_Program.o
 .text.display_2
                0x00002a4e       0x46 ./Drivers/HAL/DSSD/DSSD_Program.o
 .text.display_3
                0x00002a94       0x46 ./Drivers/HAL/DSSD/DSSD_Program.o
 .text.display_4
                0x00002ada       0x46 ./Drivers/HAL/DSSD/DSSD_Program.o
 .text.display_5
                0x00002b20       0x46 ./Drivers/HAL/DSSD/DSSD_Program.o
 .text.display_6
                0x00002b66       0x46 ./Drivers/HAL/DSSD/DSSD_Program.o
 .text.display_7
                0x00002bac       0x46 ./Drivers/HAL/DSSD/DSSD_Program.o
 .text.display_8
                0x00002bf2       0x46 ./Drivers/HAL/DSSD/DSSD_Program.o
 .text.display_9
                0x00002c38       0x46 ./Drivers/HAL/DSSD/DSSD_Program.o
 .text.displaySelected
                0x00002c7e       0xee ./Drivers/HAL/DSSD/DSSD_Program.o
 .text.Cooler_voidInit
                0x00002d6c       0x1c ./Drivers/HAL/Cooler/Cooler_Program.o
                0x00002d6c                Cooler_voidInit
 .text.Cooler_voidTurnOn
                0x00002d88       0x1a ./Drivers/HAL/Cooler/Cooler_Program.o
                0x00002d88                Cooler_voidTurnOn
 .text.Cooler_voidTurnOff
                0x00002da2       0x1a ./Drivers/HAL/Cooler/Cooler_Program.o
                0x00002da2                Cooler_voidTurnOff
 .text.App_DefaultOnOffBtnHandler
                0x00002dbc       0x68 ./App.o
 .text.App_DefaultUpBtnHandler
                0x00002e24       0x42 ./App.o
 .text.App_DefaultDownBtnHandler
                0x00002e66       0x42 ./App.o
 .text.App_DefaultTimerHandler
                0x00002ea8      0x24c ./App.o
 .text.App_TimerInit
                0x000030f4       0x2a ./App.o
 .text.App_TimerBegin
                0x0000311e       0x12 ./App.o
 .text.App_TimerStop
                0x00003130       0x12 ./App.o
 .text.App_SystemInit
                0x00003142      0x3e2 ./App.o
                0x00003142                App_SystemInit
 .text.App_SetOnOffBtnHandler
                0x00003524       0x2c ./App.o
                0x00003524                App_SetOnOffBtnHandler
 .text.App_SetUpBtnHandler
                0x00003550       0x2c ./App.o
                0x00003550                App_SetUpBtnHandler
 .text.App_SetDownBtnHandler
                0x0000357c       0x2c ./App.o
                0x0000357c                App_SetDownBtnHandler
 .text.App_SetTimerHandler
                0x000035a8       0x2c ./App.o
                0x000035a8                App_SetTimerHandler
 .text.main     0x000035d4       0x2e ./main.o
                0x000035d4                main
 .text.libgcc   0x00003602       0x3e c:/sdk_win_64/winavr/bin/../lib/gcc/avr/4.3.3/avr5\libgcc.a(_mulsi3.o)
                0x00003602                __mulsi3
 .text.libgcc   0x00003640       0x18 c:/sdk_win_64/winavr/bin/../lib/gcc/avr/4.3.3/avr5\libgcc.a(_udivmodqi4.o)
                0x00003640                __udivmodqi4
 .text.libgcc   0x00003658       0x28 c:/sdk_win_64/winavr/bin/../lib/gcc/avr/4.3.3/avr5\libgcc.a(_udivmodhi4.o)
                0x00003658                __udivmodhi4
 .text.libgcc   0x00003680       0x44 c:/sdk_win_64/winavr/bin/../lib/gcc/avr/4.3.3/avr5\libgcc.a(_udivmodsi4.o)
                0x00003680                __udivmodsi4
 .text.libgcc   0x000036c4        0x0 c:/sdk_win_64/winavr/bin/../lib/gcc/avr/4.3.3/avr5\libgcc.a(_exit.o)
 .text.libgcc   0x000036c4        0x0 c:/sdk_win_64/winavr/bin/../lib/gcc/avr/4.3.3/avr5\libgcc.a(_copy_data.o)
 .text.libgcc   0x000036c4        0x0 c:/sdk_win_64/winavr/bin/../lib/gcc/avr/4.3.3/avr5\libgcc.a(_clear_bss.o)
 .text.libgcc   0x000036c4       0x38 c:/sdk_win_64/winavr/bin/../lib/gcc/avr/4.3.3/avr5\libgcc.a(_prologue.o)
                0x000036c4                __prologue_saves__
 .text.libgcc   0x000036fc       0x36 c:/sdk_win_64/winavr/bin/../lib/gcc/avr/4.3.3/avr5\libgcc.a(_epilogue.o)
                0x000036fc                __epilogue_restores__
                0x00003732                . = ALIGN (0x2)
 *(.fini9)
 .fini9         0x00003732        0x0 c:/sdk_win_64/winavr/bin/../lib/gcc/avr/4.3.3/avr5\libgcc.a(_exit.o)
                0x00003732                exit
                0x00003732                _exit
 *(.fini9)
 *(.fini8)
 *(.fini8)
 *(.fini7)
 *(.fini7)
 *(.fini6)
 *(.fini6)
 *(.fini5)
 *(.fini5)
 *(.fini4)
 *(.fini4)
 *(.fini3)
 *(.fini3)
 *(.fini2)
 *(.fini2)
 *(.fini1)
 *(.fini1)
 *(.fini0)
 .fini0         0x00003732        0x4 c:/sdk_win_64/winavr/bin/../lib/gcc/avr/4.3.3/avr5\libgcc.a(_exit.o)
 *(.fini0)
                0x00003736                _etext = .

.data           0x00800060      0x10a load address 0x00003736
                0x00800060                PROVIDE (__data_start, .)
 *(.data)
 .data          0x00800060        0x0 c:/sdk_win_64/winavr/bin/../lib/gcc/avr/4.3.3/../../../../avr/lib/avr5/crtm32.o
 .data          0x00800060        0x0 ./Drivers/MCAL/Timer0/Timer0_Program.o
 .data          0x00800060        0x0 ./Drivers/MCAL/IIC/IIC_Program.o
 .data          0x00800060        0x0 ./Drivers/MCAL/GIE/GIE_Program.o
 .data          0x00800060        0x0 ./Drivers/MCAL/ExtInt/EXT_INT_Program.o
 .data          0x00800060        0x0 ./Drivers/MCAL/DIO/DIO_Program.o
 .data          0x00800060        0x0 ./Drivers/MCAL/ADC/ADC_Program.o
 .data          0x00800060        0x0 ./Drivers/HAL/SensorLM35/SensorLM35_Program.o
 .data          0x00800060        0x0 ./Drivers/HAL/PushButton/PushBtn_Program.o
 .data          0x00800060        0x0 ./Drivers/HAL/LED/LED_Program.o
 .data          0x00800060        0x0 ./Drivers/HAL/Heater/Heater.o
 .data          0x00800060        0x0 ./Drivers/HAL/EEPROM/EEPROM_Program.o
 .data          0x00800060        0x0 ./Drivers/HAL/DSSD/DSSD_Program.o
 .data          0x00800060        0x0 ./Drivers/HAL/Cooler/Cooler_Program.o
 .data          0x00800060        0x0 ./App.o
 .data          0x00800060        0x0 ./main.o
 .data          0x00800060        0x0 c:/sdk_win_64/winavr/bin/../lib/gcc/avr/4.3.3/avr5\libgcc.a(_mulsi3.o)
 .data          0x00800060        0x0 c:/sdk_win_64/winavr/bin/../lib/gcc/avr/4.3.3/avr5\libgcc.a(_udivmodqi4.o)
 .data          0x00800060        0x0 c:/sdk_win_64/winavr/bin/../lib/gcc/avr/4.3.3/avr5\libgcc.a(_udivmodhi4.o)
 .data          0x00800060        0x0 c:/sdk_win_64/winavr/bin/../lib/gcc/avr/4.3.3/avr5\libgcc.a(_udivmodsi4.o)
 .data          0x00800060        0x0 c:/sdk_win_64/winavr/bin/../lib/gcc/avr/4.3.3/avr5\libgcc.a(_exit.o)
 .data          0x00800060        0x0 c:/sdk_win_64/winavr/bin/../lib/gcc/avr/4.3.3/avr5\libgcc.a(_copy_data.o)
 .data          0x00800060        0x0 c:/sdk_win_64/winavr/bin/../lib/gcc/avr/4.3.3/avr5\libgcc.a(_clear_bss.o)
 .data          0x00800060        0x0 c:/sdk_win_64/winavr/bin/../lib/gcc/avr/4.3.3/avr5\libgcc.a(_fixunssfsi.o)
 .data          0x00800060        0x0 c:/sdk_win_64/winavr/bin/../lib/gcc/avr/4.3.3/avr5\libgcc.a(_addsub_sf.o)
 .data          0x00800060        0x0 c:/sdk_win_64/winavr/bin/../lib/gcc/avr/4.3.3/avr5\libgcc.a(_mul_sf.o)
 .data          0x00800060        0x0 c:/sdk_win_64/winavr/bin/../lib/gcc/avr/4.3.3/avr5\libgcc.a(_gt_sf.o)
 .data          0x00800060        0x0 c:/sdk_win_64/winavr/bin/../lib/gcc/avr/4.3.3/avr5\libgcc.a(_ge_sf.o)
 .data          0x00800060        0x0 c:/sdk_win_64/winavr/bin/../lib/gcc/avr/4.3.3/avr5\libgcc.a(_lt_sf.o)
 .data          0x00800060        0x0 c:/sdk_win_64/winavr/bin/../lib/gcc/avr/4.3.3/avr5\libgcc.a(_si_to_sf.o)
 .data          0x00800060        0x0 c:/sdk_win_64/winavr/bin/../lib/gcc/avr/4.3.3/avr5\libgcc.a(_sf_to_si.o)
 .data          0x00800060        0x8 c:/sdk_win_64/winavr/bin/../lib/gcc/avr/4.3.3/avr5\libgcc.a(_thenan_sf.o)
                0x00800060                __thenan_sf
 .data          0x00800068        0x0 c:/sdk_win_64/winavr/bin/../lib/gcc/avr/4.3.3/avr5\libgcc.a(_usi_to_sf.o)
 .data          0x00800068        0x0 c:/sdk_win_64/winavr/bin/../lib/gcc/avr/4.3.3/avr5\libgcc.a(_prologue.o)
 .data          0x00800068        0x0 c:/sdk_win_64/winavr/bin/../lib/gcc/avr/4.3.3/avr5\libgcc.a(_epilogue.o)
 .data          0x00800068        0x0 c:/sdk_win_64/winavr/bin/../lib/gcc/avr/4.3.3/avr5\libgcc.a(_clzsi2.o)
 .data          0x00800068        0x0 c:/sdk_win_64/winavr/bin/../lib/gcc/avr/4.3.3/avr5\libgcc.a(_pack_sf.o)
 .data          0x00800068        0x0 c:/sdk_win_64/winavr/bin/../lib/gcc/avr/4.3.3/avr5\libgcc.a(_unpack_sf.o)
 .data          0x00800068        0x0 c:/sdk_win_64/winavr/bin/../lib/gcc/avr/4.3.3/avr5\libgcc.a(_fpcmp_parts_sf.o)
 .data          0x00800068      0x100 c:/sdk_win_64/winavr/bin/../lib/gcc/avr/4.3.3/avr5\libgcc.a(_clz.o)
                0x00800068                __clz_tab
 *(.data*)
 .data.App_u8TempSetPoint
                0x00800168        0x1 ./App.o
 *(.rodata)
 *(.rodata*)
 *(.gnu.linkonce.d*)
                0x0080016a                . = ALIGN (0x2)
 *fill*         0x00800169        0x1 00
                0x0080016a                _edata = .
                0x0080016a                PROVIDE (__data_end, .)

.bss            0x0080016a       0x30
                0x0080016a                PROVIDE (__bss_start, .)
 *(.bss)
 .bss           0x0080016a        0x0 c:/sdk_win_64/winavr/bin/../lib/gcc/avr/4.3.3/../../../../avr/lib/avr5/crtm32.o
 .bss           0x0080016a        0x0 ./Drivers/MCAL/Timer0/Timer0_Program.o
 .bss           0x0080016a        0x0 ./Drivers/MCAL/IIC/IIC_Program.o
 .bss           0x0080016a        0x0 ./Drivers/MCAL/GIE/GIE_Program.o
 .bss           0x0080016a        0x0 ./Drivers/MCAL/ExtInt/EXT_INT_Program.o
 .bss           0x0080016a        0x0 ./Drivers/MCAL/DIO/DIO_Program.o
 .bss           0x0080016a        0x0 ./Drivers/MCAL/ADC/ADC_Program.o
 .bss           0x0080016a        0x0 ./Drivers/HAL/SensorLM35/SensorLM35_Program.o
 .bss           0x0080016a        0x0 ./Drivers/HAL/PushButton/PushBtn_Program.o
 .bss           0x0080016a        0x0 ./Drivers/HAL/LED/LED_Program.o
 .bss           0x0080016a        0x0 ./Drivers/HAL/Heater/Heater.o
 .bss           0x0080016a        0x0 ./Drivers/HAL/EEPROM/EEPROM_Program.o
 .bss           0x0080016a        0x0 ./Drivers/HAL/DSSD/DSSD_Program.o
 .bss           0x0080016a        0x0 ./Drivers/HAL/Cooler/Cooler_Program.o
 .bss           0x0080016a        0x0 ./App.o
 .bss           0x0080016a        0x0 ./main.o
 .bss           0x0080016a        0x0 c:/sdk_win_64/winavr/bin/../lib/gcc/avr/4.3.3/avr5\libgcc.a(_mulsi3.o)
 .bss           0x0080016a        0x0 c:/sdk_win_64/winavr/bin/../lib/gcc/avr/4.3.3/avr5\libgcc.a(_udivmodqi4.o)
 .bss           0x0080016a        0x0 c:/sdk_win_64/winavr/bin/../lib/gcc/avr/4.3.3/avr5\libgcc.a(_udivmodhi4.o)
 .bss           0x0080016a        0x0 c:/sdk_win_64/winavr/bin/../lib/gcc/avr/4.3.3/avr5\libgcc.a(_udivmodsi4.o)
 .bss           0x0080016a        0x0 c:/sdk_win_64/winavr/bin/../lib/gcc/avr/4.3.3/avr5\libgcc.a(_exit.o)
 .bss           0x0080016a        0x0 c:/sdk_win_64/winavr/bin/../lib/gcc/avr/4.3.3/avr5\libgcc.a(_copy_data.o)
 .bss           0x0080016a        0x0 c:/sdk_win_64/winavr/bin/../lib/gcc/avr/4.3.3/avr5\libgcc.a(_clear_bss.o)
 .bss           0x0080016a        0x0 c:/sdk_win_64/winavr/bin/../lib/gcc/avr/4.3.3/avr5\libgcc.a(_fixunssfsi.o)
 .bss           0x0080016a        0x0 c:/sdk_win_64/winavr/bin/../lib/gcc/avr/4.3.3/avr5\libgcc.a(_addsub_sf.o)
 .bss           0x0080016a        0x0 c:/sdk_win_64/winavr/bin/../lib/gcc/avr/4.3.3/avr5\libgcc.a(_mul_sf.o)
 .bss           0x0080016a        0x0 c:/sdk_win_64/winavr/bin/../lib/gcc/avr/4.3.3/avr5\libgcc.a(_gt_sf.o)
 .bss           0x0080016a        0x0 c:/sdk_win_64/winavr/bin/../lib/gcc/avr/4.3.3/avr5\libgcc.a(_ge_sf.o)
 .bss           0x0080016a        0x0 c:/sdk_win_64/winavr/bin/../lib/gcc/avr/4.3.3/avr5\libgcc.a(_lt_sf.o)
 .bss           0x0080016a        0x0 c:/sdk_win_64/winavr/bin/../lib/gcc/avr/4.3.3/avr5\libgcc.a(_si_to_sf.o)
 .bss           0x0080016a        0x0 c:/sdk_win_64/winavr/bin/../lib/gcc/avr/4.3.3/avr5\libgcc.a(_sf_to_si.o)
 .bss           0x0080016a        0x0 c:/sdk_win_64/winavr/bin/../lib/gcc/avr/4.3.3/avr5\libgcc.a(_thenan_sf.o)
 .bss           0x0080016a        0x0 c:/sdk_win_64/winavr/bin/../lib/gcc/avr/4.3.3/avr5\libgcc.a(_usi_to_sf.o)
 .bss           0x0080016a        0x0 c:/sdk_win_64/winavr/bin/../lib/gcc/avr/4.3.3/avr5\libgcc.a(_prologue.o)
 .bss           0x0080016a        0x0 c:/sdk_win_64/winavr/bin/../lib/gcc/avr/4.3.3/avr5\libgcc.a(_epilogue.o)
 .bss           0x0080016a        0x0 c:/sdk_win_64/winavr/bin/../lib/gcc/avr/4.3.3/avr5\libgcc.a(_clzsi2.o)
 .bss           0x0080016a        0x0 c:/sdk_win_64/winavr/bin/../lib/gcc/avr/4.3.3/avr5\libgcc.a(_pack_sf.o)
 .bss           0x0080016a        0x0 c:/sdk_win_64/winavr/bin/../lib/gcc/avr/4.3.3/avr5\libgcc.a(_unpack_sf.o)
 .bss           0x0080016a        0x0 c:/sdk_win_64/winavr/bin/../lib/gcc/avr/4.3.3/avr5\libgcc.a(_fpcmp_parts_sf.o)
 .bss           0x0080016a        0x0 c:/sdk_win_64/winavr/bin/../lib/gcc/avr/4.3.3/avr5\libgcc.a(_clz.o)
 *(.bss*)
 .bss.Timer0_u32NumOfOverflows
                0x0080016a        0x4 ./Drivers/MCAL/Timer0/Timer0_Program.o
                0x0080016a                Timer0_u32NumOfOverflows
 .bss.Timer0_u8NumOfReminderTicks
                0x0080016e        0x1 ./Drivers/MCAL/Timer0/Timer0_Program.o
                0x0080016e                Timer0_u8NumOfReminderTicks
 .bss.Timer0_u32IntCounter
                0x0080016f        0x4 ./Drivers/MCAL/Timer0/Timer0_Program.o
                0x0080016f                Timer0_u32IntCounter
 .bss.Timer0_u8NumOfCompMatch
                0x00800173        0x4 ./Drivers/MCAL/Timer0/Timer0_Program.o
                0x00800173                Timer0_u8NumOfCompMatch
 .bss.Timer0CallBack
                0x00800177        0x2 ./Drivers/MCAL/Timer0/Timer0_Program.o
                0x00800177                Timer0CallBack
 .bss.callBack0
                0x00800179        0x2 ./Drivers/MCAL/ExtInt/EXT_INT_Program.o
                0x00800179                callBack0
 .bss.callBack1
                0x0080017b        0x2 ./Drivers/MCAL/ExtInt/EXT_INT_Program.o
                0x0080017b                callBack1
 .bss.callBack2
                0x0080017d        0x2 ./Drivers/MCAL/ExtInt/EXT_INT_Program.o
                0x0080017d                callBack2
 .bss.App_u8CurrentTemp
                0x0080017f        0x1 ./App.o
 .bss.App_u8TempAverage
                0x00800180        0xa ./App.o
 .bss.App_u16TempAverageCalc
                0x0080018a        0x2 ./App.o
 .bss.App_u8SystemState
                0x0080018c        0x1 ./App.o
 .bss.App_u8SevenSegDigit
                0x0080018d        0x1 ./App.o
 .bss.App_u8SettingModeState
                0x0080018e        0x1 ./App.o
 .bss.App_u8TempTimerCounter
                0x0080018f        0x1 ./App.o
 .bss.App_u16SetModeTimerCounter
                0x00800190        0x2 ./App.o
 .bss.App_ptrOnOffBtnHandler
                0x00800192        0x2 ./App.o
 .bss.App_ptrUpBtnHandler
                0x00800194        0x2 ./App.o
 .bss.App_ptrDownBtnHandler
                0x00800196        0x2 ./App.o
 .bss.App_ptrTimerHandler
                0x00800198        0x2 ./App.o
 *(COMMON)
                0x0080019a                PROVIDE (__bss_end, .)
                0x00003736                __data_load_start = LOADADDR (.data)
                0x00003840                __data_load_end = (__data_load_start + SIZEOF (.data))

.noinit         0x0080019a        0x0
                0x0080019a                PROVIDE (__noinit_start, .)
 *(.noinit*)
                0x0080019a                PROVIDE (__noinit_end, .)
                0x0080019a                _end = .
                0x0080019a                PROVIDE (__heap_start, .)

.eeprom         0x00810000        0x0
 *(.eeprom*)
                0x00810000                __eeprom_end = .

.fuse
 *(.fuse)
 *(.lfuse)
 *(.hfuse)
 *(.efuse)

.lock
 *(.lock*)

.signature
 *(.signature*)

.stab           0x00000000     0x4c38
 *(.stab)
 .stab          0x00000000      0x654 ./Drivers/MCAL/Timer0/Timer0_Program.o
 .stab          0x00000654      0xa14 ./Drivers/MCAL/IIC/IIC_Program.o
                                0xa20 (size before relaxing)
 .stab          0x00001068      0x1b0 ./Drivers/MCAL/GIE/GIE_Program.o
                                0x1bc (size before relaxing)
 .stab          0x00001218      0x54c ./Drivers/MCAL/ExtInt/EXT_INT_Program.o
                                0x714 (size before relaxing)
 .stab          0x00001764      0x81c ./Drivers/MCAL/DIO/DIO_Program.o
                                0x828 (size before relaxing)
 .stab          0x00001f80      0x300 ./Drivers/MCAL/ADC/ADC_Program.o
                                0x4c8 (size before relaxing)
 .stab          0x00002280      0x2c4 ./Drivers/HAL/SensorLM35/SensorLM35_Program.o
                                0x2d0 (size before relaxing)
 .stab          0x00002544      0x3e4 ./Drivers/HAL/PushButton/PushBtn_Program.o
                                0x3f0 (size before relaxing)
 .stab          0x00002928      0x300 ./Drivers/HAL/LED/LED_Program.o
                                0x30c (size before relaxing)
 .stab          0x00002c28      0x2c4 ./Drivers/HAL/Heater/Heater.o
                                0x2d0 (size before relaxing)
 .stab          0x00002eec      0x420 ./Drivers/HAL/EEPROM/EEPROM_Program.o
                                0x42c (size before relaxing)
 .stab          0x0000330c      0xa44 ./Drivers/HAL/DSSD/DSSD_Program.o
                                0xa50 (size before relaxing)
 .stab          0x00003d50      0x2c4 ./Drivers/HAL/Cooler/Cooler_Program.o
                                0x2d0 (size before relaxing)
 .stab          0x00004014      0xaec ./App.o
                                0xd50 (size before relaxing)
 .stab          0x00004b00      0x138 ./main.o
                                0x1b0 (size before relaxing)

.stabstr        0x00000000     0x24ec
 *(.stabstr)
 .stabstr       0x00000000     0x24ec ./Drivers/MCAL/Timer0/Timer0_Program.o

.stab.excl
 *(.stab.excl)

.stab.exclstr
 *(.stab.exclstr)

.stab.index
 *(.stab.index)

.stab.indexstr
 *(.stab.indexstr)

.comment
 *(.comment)

.debug
 *(.debug)

.line
 *(.line)

.debug_srcinfo
 *(.debug_srcinfo)

.debug_sfnames
 *(.debug_sfnames)

.debug_aranges  0x00000000      0x1a0
 *(.debug_aranges)
 .debug_aranges
                0x00000000       0x20 c:/sdk_win_64/winavr/bin/../lib/gcc/avr/4.3.3/avr5\libgcc.a(_fixunssfsi.o)
 .debug_aranges
                0x00000020       0x20 c:/sdk_win_64/winavr/bin/../lib/gcc/avr/4.3.3/avr5\libgcc.a(_addsub_sf.o)
 .debug_aranges
                0x00000040       0x20 c:/sdk_win_64/winavr/bin/../lib/gcc/avr/4.3.3/avr5\libgcc.a(_mul_sf.o)
 .debug_aranges
                0x00000060       0x20 c:/sdk_win_64/winavr/bin/../lib/gcc/avr/4.3.3/avr5\libgcc.a(_gt_sf.o)
 .debug_aranges
                0x00000080       0x20 c:/sdk_win_64/winavr/bin/../lib/gcc/avr/4.3.3/avr5\libgcc.a(_ge_sf.o)
 .debug_aranges
                0x000000a0       0x20 c:/sdk_win_64/winavr/bin/../lib/gcc/avr/4.3.3/avr5\libgcc.a(_lt_sf.o)
 .debug_aranges
                0x000000c0       0x20 c:/sdk_win_64/winavr/bin/../lib/gcc/avr/4.3.3/avr5\libgcc.a(_si_to_sf.o)
 .debug_aranges
                0x000000e0       0x20 c:/sdk_win_64/winavr/bin/../lib/gcc/avr/4.3.3/avr5\libgcc.a(_sf_to_si.o)
 .debug_aranges
                0x00000100       0x20 c:/sdk_win_64/winavr/bin/../lib/gcc/avr/4.3.3/avr5\libgcc.a(_usi_to_sf.o)
 .debug_aranges
                0x00000120       0x20 c:/sdk_win_64/winavr/bin/../lib/gcc/avr/4.3.3/avr5\libgcc.a(_clzsi2.o)
 .debug_aranges
                0x00000140       0x20 c:/sdk_win_64/winavr/bin/../lib/gcc/avr/4.3.3/avr5\libgcc.a(_pack_sf.o)
 .debug_aranges
                0x00000160       0x20 c:/sdk_win_64/winavr/bin/../lib/gcc/avr/4.3.3/avr5\libgcc.a(_unpack_sf.o)
 .debug_aranges
                0x00000180       0x20 c:/sdk_win_64/winavr/bin/../lib/gcc/avr/4.3.3/avr5\libgcc.a(_fpcmp_parts_sf.o)

.debug_pubnames
                0x00000000      0x1f5
 *(.debug_pubnames)
 .debug_pubnames
                0x00000000       0x23 c:/sdk_win_64/winavr/bin/../lib/gcc/avr/4.3.3/avr5\libgcc.a(_fixunssfsi.o)
 .debug_pubnames
                0x00000023       0x2c c:/sdk_win_64/winavr/bin/../lib/gcc/avr/4.3.3/avr5\libgcc.a(_addsub_sf.o)
 .debug_pubnames
                0x0000004f       0x1f c:/sdk_win_64/winavr/bin/../lib/gcc/avr/4.3.3/avr5\libgcc.a(_mul_sf.o)
 .debug_pubnames
                0x0000006e       0x1e c:/sdk_win_64/winavr/bin/../lib/gcc/avr/4.3.3/avr5\libgcc.a(_gt_sf.o)
 .debug_pubnames
                0x0000008c       0x1e c:/sdk_win_64/winavr/bin/../lib/gcc/avr/4.3.3/avr5\libgcc.a(_ge_sf.o)
 .debug_pubnames
                0x000000aa       0x1e c:/sdk_win_64/winavr/bin/../lib/gcc/avr/4.3.3/avr5\libgcc.a(_lt_sf.o)
 .debug_pubnames
                0x000000c8       0x22 c:/sdk_win_64/winavr/bin/../lib/gcc/avr/4.3.3/avr5\libgcc.a(_si_to_sf.o)
 .debug_pubnames
                0x000000ea       0x20 c:/sdk_win_64/winavr/bin/../lib/gcc/avr/4.3.3/avr5\libgcc.a(_sf_to_si.o)
 .debug_pubnames
                0x0000010a       0x22 c:/sdk_win_64/winavr/bin/../lib/gcc/avr/4.3.3/avr5\libgcc.a(_thenan_sf.o)
 .debug_pubnames
                0x0000012c       0x24 c:/sdk_win_64/winavr/bin/../lib/gcc/avr/4.3.3/avr5\libgcc.a(_usi_to_sf.o)
 .debug_pubnames
                0x00000150       0x1f c:/sdk_win_64/winavr/bin/../lib/gcc/avr/4.3.3/avr5\libgcc.a(_clzsi2.o)
 .debug_pubnames
                0x0000016f       0x1f c:/sdk_win_64/winavr/bin/../lib/gcc/avr/4.3.3/avr5\libgcc.a(_pack_sf.o)
 .debug_pubnames
                0x0000018e       0x21 c:/sdk_win_64/winavr/bin/../lib/gcc/avr/4.3.3/avr5\libgcc.a(_unpack_sf.o)
 .debug_pubnames
                0x000001af       0x26 c:/sdk_win_64/winavr/bin/../lib/gcc/avr/4.3.3/avr5\libgcc.a(_fpcmp_parts_sf.o)
 .debug_pubnames
                0x000001d5       0x20 c:/sdk_win_64/winavr/bin/../lib/gcc/avr/4.3.3/avr5\libgcc.a(_clz.o)

.debug_info     0x00000000     0x2216
 *(.debug_info)
 .debug_info    0x00000000       0xb1 c:/sdk_win_64/winavr/bin/../lib/gcc/avr/4.3.3/avr5\libgcc.a(_fixunssfsi.o)
 .debug_info    0x000000b1      0x47a c:/sdk_win_64/winavr/bin/../lib/gcc/avr/4.3.3/avr5\libgcc.a(_addsub_sf.o)
 .debug_info    0x0000052b      0x485 c:/sdk_win_64/winavr/bin/../lib/gcc/avr/4.3.3/avr5\libgcc.a(_mul_sf.o)
 .debug_info    0x000009b0      0x27f c:/sdk_win_64/winavr/bin/../lib/gcc/avr/4.3.3/avr5\libgcc.a(_gt_sf.o)
 .debug_info    0x00000c2f      0x27f c:/sdk_win_64/winavr/bin/../lib/gcc/avr/4.3.3/avr5\libgcc.a(_ge_sf.o)
 .debug_info    0x00000eae      0x27f c:/sdk_win_64/winavr/bin/../lib/gcc/avr/4.3.3/avr5\libgcc.a(_lt_sf.o)
 .debug_info    0x0000112d      0x207 c:/sdk_win_64/winavr/bin/../lib/gcc/avr/4.3.3/avr5\libgcc.a(_si_to_sf.o)
 .debug_info    0x00001334      0x2b0 c:/sdk_win_64/winavr/bin/../lib/gcc/avr/4.3.3/avr5\libgcc.a(_sf_to_si.o)
 .debug_info    0x000015e4      0x12c c:/sdk_win_64/winavr/bin/../lib/gcc/avr/4.3.3/avr5\libgcc.a(_thenan_sf.o)
 .debug_info    0x00001710      0x206 c:/sdk_win_64/winavr/bin/../lib/gcc/avr/4.3.3/avr5\libgcc.a(_usi_to_sf.o)
 .debug_info    0x00001916      0x117 c:/sdk_win_64/winavr/bin/../lib/gcc/avr/4.3.3/avr5\libgcc.a(_clzsi2.o)
 .debug_info    0x00001a2d      0x2df c:/sdk_win_64/winavr/bin/../lib/gcc/avr/4.3.3/avr5\libgcc.a(_pack_sf.o)
 .debug_info    0x00001d0c      0x251 c:/sdk_win_64/winavr/bin/../lib/gcc/avr/4.3.3/avr5\libgcc.a(_unpack_sf.o)
 .debug_info    0x00001f5d      0x210 c:/sdk_win_64/winavr/bin/../lib/gcc/avr/4.3.3/avr5\libgcc.a(_fpcmp_parts_sf.o)
 .debug_info    0x0000216d       0xa9 c:/sdk_win_64/winavr/bin/../lib/gcc/avr/4.3.3/avr5\libgcc.a(_clz.o)
 *(.gnu.linkonce.wi.*)

.debug_abbrev   0x00000000     0x12b8
 *(.debug_abbrev)
 .debug_abbrev  0x00000000       0x5d c:/sdk_win_64/winavr/bin/../lib/gcc/avr/4.3.3/avr5\libgcc.a(_fixunssfsi.o)
 .debug_abbrev  0x0000005d      0x1ea c:/sdk_win_64/winavr/bin/../lib/gcc/avr/4.3.3/avr5\libgcc.a(_addsub_sf.o)
 .debug_abbrev  0x00000247      0x21b c:/sdk_win_64/winavr/bin/../lib/gcc/avr/4.3.3/avr5\libgcc.a(_mul_sf.o)
 .debug_abbrev  0x00000462      0x15a c:/sdk_win_64/winavr/bin/../lib/gcc/avr/4.3.3/avr5\libgcc.a(_gt_sf.o)
 .debug_abbrev  0x000005bc      0x15a c:/sdk_win_64/winavr/bin/../lib/gcc/avr/4.3.3/avr5\libgcc.a(_ge_sf.o)
 .debug_abbrev  0x00000716      0x15a c:/sdk_win_64/winavr/bin/../lib/gcc/avr/4.3.3/avr5\libgcc.a(_lt_sf.o)
 .debug_abbrev  0x00000870      0x148 c:/sdk_win_64/winavr/bin/../lib/gcc/avr/4.3.3/avr5\libgcc.a(_si_to_sf.o)
 .debug_abbrev  0x000009b8      0x17f c:/sdk_win_64/winavr/bin/../lib/gcc/avr/4.3.3/avr5\libgcc.a(_sf_to_si.o)
 .debug_abbrev  0x00000b37       0xad c:/sdk_win_64/winavr/bin/../lib/gcc/avr/4.3.3/avr5\libgcc.a(_thenan_sf.o)
 .debug_abbrev  0x00000be4      0x157 c:/sdk_win_64/winavr/bin/../lib/gcc/avr/4.3.3/avr5\libgcc.a(_usi_to_sf.o)
 .debug_abbrev  0x00000d3b       0xc4 c:/sdk_win_64/winavr/bin/../lib/gcc/avr/4.3.3/avr5\libgcc.a(_clzsi2.o)
 .debug_abbrev  0x00000dff      0x1c0 c:/sdk_win_64/winavr/bin/../lib/gcc/avr/4.3.3/avr5\libgcc.a(_pack_sf.o)
 .debug_abbrev  0x00000fbf      0x154 c:/sdk_win_64/winavr/bin/../lib/gcc/avr/4.3.3/avr5\libgcc.a(_unpack_sf.o)
 .debug_abbrev  0x00001113      0x13b c:/sdk_win_64/winavr/bin/../lib/gcc/avr/4.3.3/avr5\libgcc.a(_fpcmp_parts_sf.o)
 .debug_abbrev  0x0000124e       0x6a c:/sdk_win_64/winavr/bin/../lib/gcc/avr/4.3.3/avr5\libgcc.a(_clz.o)

.debug_line     0x00000000     0x1136
 *(.debug_line)
 .debug_line    0x00000000       0xa7 c:/sdk_win_64/winavr/bin/../lib/gcc/avr/4.3.3/avr5\libgcc.a(_fixunssfsi.o)
 .debug_line    0x000000a7      0x2af c:/sdk_win_64/winavr/bin/../lib/gcc/avr/4.3.3/avr5\libgcc.a(_addsub_sf.o)
 .debug_line    0x00000356      0x239 c:/sdk_win_64/winavr/bin/../lib/gcc/avr/4.3.3/avr5\libgcc.a(_mul_sf.o)
 .debug_line    0x0000058f       0xd3 c:/sdk_win_64/winavr/bin/../lib/gcc/avr/4.3.3/avr5\libgcc.a(_gt_sf.o)
 .debug_line    0x00000662       0xd3 c:/sdk_win_64/winavr/bin/../lib/gcc/avr/4.3.3/avr5\libgcc.a(_ge_sf.o)
 .debug_line    0x00000735       0xd3 c:/sdk_win_64/winavr/bin/../lib/gcc/avr/4.3.3/avr5\libgcc.a(_lt_sf.o)
 .debug_line    0x00000808      0x135 c:/sdk_win_64/winavr/bin/../lib/gcc/avr/4.3.3/avr5\libgcc.a(_si_to_sf.o)
 .debug_line    0x0000093d      0x109 c:/sdk_win_64/winavr/bin/../lib/gcc/avr/4.3.3/avr5\libgcc.a(_sf_to_si.o)
 .debug_line    0x00000a46       0x90 c:/sdk_win_64/winavr/bin/../lib/gcc/avr/4.3.3/avr5\libgcc.a(_thenan_sf.o)
 .debug_line    0x00000ad6      0x133 c:/sdk_win_64/winavr/bin/../lib/gcc/avr/4.3.3/avr5\libgcc.a(_usi_to_sf.o)
 .debug_line    0x00000c09       0xa5 c:/sdk_win_64/winavr/bin/../lib/gcc/avr/4.3.3/avr5\libgcc.a(_clzsi2.o)
 .debug_line    0x00000cae      0x18a c:/sdk_win_64/winavr/bin/../lib/gcc/avr/4.3.3/avr5\libgcc.a(_pack_sf.o)
 .debug_line    0x00000e38      0x14b c:/sdk_win_64/winavr/bin/../lib/gcc/avr/4.3.3/avr5\libgcc.a(_unpack_sf.o)
 .debug_line    0x00000f83      0x137 c:/sdk_win_64/winavr/bin/../lib/gcc/avr/4.3.3/avr5\libgcc.a(_fpcmp_parts_sf.o)
 .debug_line    0x000010ba       0x7c c:/sdk_win_64/winavr/bin/../lib/gcc/avr/4.3.3/avr5\libgcc.a(_clz.o)

.debug_frame    0x00000000      0x1c0
 *(.debug_frame)
 .debug_frame   0x00000000       0x20 c:/sdk_win_64/winavr/bin/../lib/gcc/avr/4.3.3/avr5\libgcc.a(_fixunssfsi.o)
 .debug_frame   0x00000020       0x40 c:/sdk_win_64/winavr/bin/../lib/gcc/avr/4.3.3/avr5\libgcc.a(_addsub_sf.o)
 .debug_frame   0x00000060       0x20 c:/sdk_win_64/winavr/bin/../lib/gcc/avr/4.3.3/avr5\libgcc.a(_mul_sf.o)
 .debug_frame   0x00000080       0x20 c:/sdk_win_64/winavr/bin/../lib/gcc/avr/4.3.3/avr5\libgcc.a(_gt_sf.o)
 .debug_frame   0x000000a0       0x20 c:/sdk_win_64/winavr/bin/../lib/gcc/avr/4.3.3/avr5\libgcc.a(_ge_sf.o)
 .debug_frame   0x000000c0       0x20 c:/sdk_win_64/winavr/bin/../lib/gcc/avr/4.3.3/avr5\libgcc.a(_lt_sf.o)
 .debug_frame   0x000000e0       0x20 c:/sdk_win_64/winavr/bin/../lib/gcc/avr/4.3.3/avr5\libgcc.a(_si_to_sf.o)
 .debug_frame   0x00000100       0x20 c:/sdk_win_64/winavr/bin/../lib/gcc/avr/4.3.3/avr5\libgcc.a(_sf_to_si.o)
 .debug_frame   0x00000120       0x20 c:/sdk_win_64/winavr/bin/../lib/gcc/avr/4.3.3/avr5\libgcc.a(_usi_to_sf.o)
 .debug_frame   0x00000140       0x20 c:/sdk_win_64/winavr/bin/../lib/gcc/avr/4.3.3/avr5\libgcc.a(_clzsi2.o)
 .debug_frame   0x00000160       0x20 c:/sdk_win_64/winavr/bin/../lib/gcc/avr/4.3.3/avr5\libgcc.a(_pack_sf.o)
 .debug_frame   0x00000180       0x20 c:/sdk_win_64/winavr/bin/../lib/gcc/avr/4.3.3/avr5\libgcc.a(_unpack_sf.o)
 .debug_frame   0x000001a0       0x20 c:/sdk_win_64/winavr/bin/../lib/gcc/avr/4.3.3/avr5\libgcc.a(_fpcmp_parts_sf.o)

.debug_str      0x00000000      0x2d2
 *(.debug_str)
 .debug_str     0x00000000       0xbf c:/sdk_win_64/winavr/bin/../lib/gcc/avr/4.3.3/avr5\libgcc.a(_fixunssfsi.o)
                                 0xfe (size before relaxing)
 .debug_str     0x000000bf      0x14d c:/sdk_win_64/winavr/bin/../lib/gcc/avr/4.3.3/avr5\libgcc.a(_addsub_sf.o)
                                0x206 (size before relaxing)
 .debug_str     0x0000020c       0x27 c:/sdk_win_64/winavr/bin/../lib/gcc/avr/4.3.3/avr5\libgcc.a(_mul_sf.o)
                                0x1bf (size before relaxing)
 .debug_str     0x00000233        0x8 c:/sdk_win_64/winavr/bin/../lib/gcc/avr/4.3.3/avr5\libgcc.a(_gt_sf.o)
                                0x195 (size before relaxing)
 .debug_str     0x0000023b        0x8 c:/sdk_win_64/winavr/bin/../lib/gcc/avr/4.3.3/avr5\libgcc.a(_ge_sf.o)
                                0x195 (size before relaxing)
 .debug_str     0x00000243        0x8 c:/sdk_win_64/winavr/bin/../lib/gcc/avr/4.3.3/avr5\libgcc.a(_lt_sf.o)
                                0x195 (size before relaxing)
 .debug_str     0x0000024b       0x1e c:/sdk_win_64/winavr/bin/../lib/gcc/avr/4.3.3/avr5\libgcc.a(_si_to_sf.o)
                                0x17b (size before relaxing)
 .debug_str     0x00000269        0xa c:/sdk_win_64/winavr/bin/../lib/gcc/avr/4.3.3/avr5\libgcc.a(_sf_to_si.o)
                                0x19e (size before relaxing)
 .debug_str     0x00000000      0x103 c:/sdk_win_64/winavr/bin/../lib/gcc/avr/4.3.3/avr5\libgcc.a(_thenan_sf.o)
 .debug_str     0x00000273       0x14 c:/sdk_win_64/winavr/bin/../lib/gcc/avr/4.3.3/avr5\libgcc.a(_usi_to_sf.o)
                                0x177 (size before relaxing)
 .debug_str     0x00000287       0x20 c:/sdk_win_64/winavr/bin/../lib/gcc/avr/4.3.3/avr5\libgcc.a(_clzsi2.o)
                                0x111 (size before relaxing)
 .debug_str     0x000002a7       0x10 c:/sdk_win_64/winavr/bin/../lib/gcc/avr/4.3.3/avr5\libgcc.a(_pack_sf.o)
                                0x19d (size before relaxing)
 .debug_str     0x000002b7        0xb c:/sdk_win_64/winavr/bin/../lib/gcc/avr/4.3.3/avr5\libgcc.a(_unpack_sf.o)
                                0x17f (size before relaxing)
 .debug_str     0x000002c2       0x10 c:/sdk_win_64/winavr/bin/../lib/gcc/avr/4.3.3/avr5\libgcc.a(_fpcmp_parts_sf.o)
                                0x163 (size before relaxing)
 .debug_str     0x00000000       0xf4 c:/sdk_win_64/winavr/bin/../lib/gcc/avr/4.3.3/avr5\libgcc.a(_clz.o)

.debug_loc      0x00000000      0x95a
 *(.debug_loc)
 .debug_loc     0x00000000       0x34 c:/sdk_win_64/winavr/bin/../lib/gcc/avr/4.3.3/avr5\libgcc.a(_fixunssfsi.o)
 .debug_loc     0x00000034      0x32a c:/sdk_win_64/winavr/bin/../lib/gcc/avr/4.3.3/avr5\libgcc.a(_addsub_sf.o)
 .debug_loc     0x0000035e      0x104 c:/sdk_win_64/winavr/bin/../lib/gcc/avr/4.3.3/avr5\libgcc.a(_mul_sf.o)
 .debug_loc     0x00000462       0x3c c:/sdk_win_64/winavr/bin/../lib/gcc/avr/4.3.3/avr5\libgcc.a(_gt_sf.o)
 .debug_loc     0x0000049e       0x3c c:/sdk_win_64/winavr/bin/../lib/gcc/avr/4.3.3/avr5\libgcc.a(_ge_sf.o)
 .debug_loc     0x000004da       0x3c c:/sdk_win_64/winavr/bin/../lib/gcc/avr/4.3.3/avr5\libgcc.a(_lt_sf.o)
 .debug_loc     0x00000516       0xac c:/sdk_win_64/winavr/bin/../lib/gcc/avr/4.3.3/avr5\libgcc.a(_si_to_sf.o)
 .debug_loc     0x000005c2       0x7e c:/sdk_win_64/winavr/bin/../lib/gcc/avr/4.3.3/avr5\libgcc.a(_sf_to_si.o)
 .debug_loc     0x00000640       0x4c c:/sdk_win_64/winavr/bin/../lib/gcc/avr/4.3.3/avr5\libgcc.a(_usi_to_sf.o)
 .debug_loc     0x0000068c       0x94 c:/sdk_win_64/winavr/bin/../lib/gcc/avr/4.3.3/avr5\libgcc.a(_clzsi2.o)
 .debug_loc     0x00000720      0x13e c:/sdk_win_64/winavr/bin/../lib/gcc/avr/4.3.3/avr5\libgcc.a(_pack_sf.o)
 .debug_loc     0x0000085e       0xac c:/sdk_win_64/winavr/bin/../lib/gcc/avr/4.3.3/avr5\libgcc.a(_unpack_sf.o)
 .debug_loc     0x0000090a       0x50 c:/sdk_win_64/winavr/bin/../lib/gcc/avr/4.3.3/avr5\libgcc.a(_fpcmp_parts_sf.o)

.debug_macinfo
 *(.debug_macinfo)
OUTPUT(electric_water_heater.elf elf32-avr)
LOAD linker stubs

.debug_ranges   0x00000000       0x50
 .debug_ranges  0x00000000       0x50 c:/sdk_win_64/winavr/bin/../lib/gcc/avr/4.3.3/avr5\libgcc.a(_mul_sf.o)
